interactions:
- request:
    body: '{"plan_slug": "unittest", "expiration": null}'
    headers:
      Accept: [application/json]
      Accept-Encoding: ['gzip, deflate']
      Authorization: [Basic cXhSU05jSWRlQToxZjBBVkNaUEpiUm5kRjlGTlNHTU9XTWZIOUtNVURhWA==]
      Cache-Control: [no-cache]
      Connection: [keep-alive]
      Content-Length: ['45']
      Content-Type: [application/json]
      User-Agent: [api_toolkit]
    method: POST
    uri: http://sandbox.app.passaporteweb.com.br/organizations/api/identities/c3769912-baa9-4a0c-9856-395a706c7d57/accounts/
  response:
    body: {string: !!python/unicode '{"errors": ["Either name or uuid must be supplied."]}'}
    headers:
      allow: ['GET, POST, HEAD, OPTIONS']
      connection: [keep-alive]
      content-length: ['53']
      content-type: [application/json]
      date: ['Wed, 08 Jan 2014 23:03:37 GMT']
      p3p: [CP="NON DSP COR CURa TIA"]
      server: [nginx/1.4.4]
      vary: ['Authenticate, Accept']
    status: {code: 400, message: BAD REQUEST}
- request:
    body: '{"plan_slug": "unittest", "name": "", "expiration": null}'
    headers:
      Accept: [application/json]
      Accept-Encoding: ['gzip, deflate']
      Authorization: [Basic cXhSU05jSWRlQToxZjBBVkNaUEpiUm5kRjlGTlNHTU9XTWZIOUtNVURhWA==]
      Cache-Control: [no-cache]
      Connection: [keep-alive]
      Content-Length: ['57']
      Content-Type: [application/json]
      User-Agent: [api_toolkit]
    method: POST
    uri: http://sandbox.app.passaporteweb.com.br/organizations/api/identities/c3769912-baa9-4a0c-9856-395a706c7d57/accounts/
  response:
    body: {string: !!python/unicode '{"errors": ["Either name or uuid must be supplied."]}'}
    headers:
      allow: ['GET, POST, HEAD, OPTIONS']
      connection: [keep-alive]
      content-length: ['53']
      content-type: [application/json]
      date: ['Wed, 08 Jan 2014 23:14:33 GMT']
      p3p: [CP="NON DSP COR CURa TIA"]
      server: [nginx/1.4.4]
      vary: ['Authenticate, Accept']
    status: {code: 400, message: BAD REQUEST}
- request:
    body: '{"plan_slug": "unittest", "uuid": "", "expiration": null}'
    headers:
      Accept: [application/json]
      Accept-Encoding: ['gzip, deflate']
      Authorization: [Basic cXhSU05jSWRlQToxZjBBVkNaUEpiUm5kRjlGTlNHTU9XTWZIOUtNVURhWA==]
      Cache-Control: [no-cache]
      Connection: [keep-alive]
      Content-Length: ['57']
      Content-Type: [application/json]
      User-Agent: [api_toolkit]
    method: POST
    uri: http://sandbox.app.passaporteweb.com.br/organizations/api/identities/c3769912-baa9-4a0c-9856-395a706c7d57/accounts/
  response:
    body: {string: !!python/unicode '{"errors": ["Either name or uuid must be supplied."]}'}
    headers:
      allow: ['GET, POST, HEAD, OPTIONS']
      connection: [keep-alive]
      content-length: ['53']
      content-type: [application/json]
      date: ['Wed, 08 Jan 2014 23:14:34 GMT']
      p3p: [CP="NON DSP COR CURa TIA"]
      server: [nginx/1.4.4]
      vary: ['Authenticate, Accept']
    status: {code: 400, message: BAD REQUEST}
version: 1
